
> Landing Page for DORA@0.0.0 build
> tsc -b && vite build

src/App.tsx(4,69): error TS6133: 'TrendingUp' is declared but its value is never read.
src/App.tsx(4,124): error TS6133: 'Globe' is declared but its value is never read.
src/App.tsx(8,32): error TS1484: 'Language' is a type and must be imported using a type-only import when 'verbatimModuleSyntax' is enabled.
src/App.tsx(8,32): error TS6133: 'Language' is declared but its value is never read.
src/components/ContactForm.tsx(9,10): error TS7034: Variable 'db' implicitly has type 'any' in some locations where its type cannot be determined.
src/components/ContactForm.tsx(40,12): error TS7005: Variable 'db' implicitly has an 'any' type.
src/components/ui/calendar.tsx(63,9): error TS2353: Object literal may only specify known properties, and 'IconLeft' does not exist in type 'Partial<CustomComponents>'.
src/components/ui/calendar.tsx(63,22): error TS7031: Binding element 'className' implicitly has an 'any' type.
src/components/ui/calendar.tsx(66,23): error TS7031: Binding element 'className' implicitly has an 'any' type.
src/components/ui/chart.tsx(109,3): error TS2339: Property 'payload' does not exist on type 'Omit<Props<ValueType, NameType>, PropertiesReadFromContext> & { active?: boolean | undefined; includeHidden?: boolean | undefined; ... 17 more ...; axisId?: AxisId | undefined; } & ClassAttributes<...> & HTMLAttributes<...> & { ...; }'.
src/components/ui/chart.tsx(114,3): error TS2339: Property 'label' does not exist on type 'Omit<Props<ValueType, NameType>, PropertiesReadFromContext> & { active?: boolean | undefined; includeHidden?: boolean | undefined; ... 17 more ...; axisId?: AxisId | undefined; } & ClassAttributes<...> & HTMLAttributes<...> & { ...; }'.
src/components/ui/chart.tsx(182,23): error TS7006: Parameter 'item' implicitly has an 'any' type.
src/components/ui/chart.tsx(182,29): error TS7006: Parameter 'index' implicitly has an 'any' type.
src/components/ui/chart.tsx(260,39): error TS2344: Type '"payload" | "verticalAlign"' does not satisfy the constraint '"string" | "style" | "clipPath" | "filter" | "mask" | "path" | "className" | "key" | "name" | "type" | "suppressHydrationWarning" | "id" | "lang" | "tabIndex" | "role" | "content" | ... 430 more ... | "onBBoxUpdate"'.
  Type '"payload"' is not assignable to type '"string" | "style" | "clipPath" | "filter" | "mask" | "path" | "className" | "key" | "name" | "type" | "suppressHydrationWarning" | "id" | "lang" | "tabIndex" | "role" | "content" | ... 430 more ... | "onBBoxUpdate"'.
src/components/ui/chart.tsx(266,17): error TS2339: Property 'length' does not exist on type '{}'.
src/components/ui/chart.tsx(278,16): error TS2339: Property 'map' does not exist on type '{}'.
src/components/ui/chart.tsx(278,21): error TS7006: Parameter 'item' implicitly has an 'any' type.
src/components/ui/sidebar.tsx(5,10): error TS1484: 'VariantProps' is a type and must be imported using a type-only import when 'verbatimModuleSyntax' is enabled.
src/components/ui/sonner.tsx(4,29): error TS1484: 'ToasterProps' is a type and must be imported using a type-only import when 'verbatimModuleSyntax' is enabled.
